AR contadorreplica12 behavioral /home/alekz/Descargas/ReplicasEjercicios01/ContadorReplica12.vhd sub00/vhpl22 1657381732
AR diagramareplica20 behavioral /home/alekz/Descargas/ReplicasEjercicios01/DiagramaReplica20.vhd sub00/vhpl38 1657383675
EN contadorgreplica18 NULL /home/alekz/Descargas/ReplicasEjercicios01/ContadorGReplica18.vhd sub00/vhpl33 1657382997
AR latchreplica02 ejemplo /home/alekz/Descargas/ReplicasEjercicios01/LatchReplica02.vhd sub00/vhpl03 1657378241
EN contadorreplica11 NULL /home/alekz/Descargas/ReplicasEjercicios01/ContadorReplica11.vhd sub00/vhpl19 1657381457
EN contadorreplica12 NULL /home/alekz/Descargas/ReplicasEjercicios01/ContadorReplica12.vhd sub00/vhpl21 1657381731
AR latchreplica01 ejemplo /home/alekz/Descargas/ReplicasEjercicios01/LatchReplica01.vhd sub00/vhpl01 1657378067
EN contadorreplica13 NULL /home/alekz/Descargas/ReplicasEjercicios01/ContadorReplica13.vhd sub00/vhpl23 1657381867
EN contadorreplica14 NULL /home/alekz/Descargas/ReplicasEjercicios01/ContadorReplica14.vhd sub00/vhpl25 1657382080
EN contadorreplica15 NULL /home/alekz/Descargas/ReplicasEjercicios01/ContadorReplica15.vhd sub00/vhpl27 1657382215
EN contadorreplica16 NULL /home/alekz/Descargas/ReplicasEjercicios01/ContadorReplica16.vhd sub00/vhpl29 1657382424
EN ffdreplica03 NULL /home/alekz/Descargas/ReplicasEjercicios01/FFDReplica03.vhd sub00/vhpl04 1657378469
EN contadorreplica17 NULL /home/alekz/Descargas/ReplicasEjercicios01/ContadorReplica17.vhd sub00/vhpl31 1657382639
EN flipflopreplica04 NULL /home/alekz/Descargas/ReplicasEjercicios01/FlipFlopReplica04.vhd sub00/vhpl06 1657378641
AR flipflopreplica04 behavioral /home/alekz/Descargas/ReplicasEjercicios01/FlipFlopReplica04.vhd sub00/vhpl07 1657378642
EN flipflopreplica05 NULL /home/alekz/Descargas/ReplicasEjercicios01/FlipFlopReplica05.vhd sub00/vhpl08 1657379207
AR contadorreplica17 behavioral /home/alekz/Descargas/ReplicasEjercicios01/ContadorReplica17.vhd sub00/vhpl32 1657382640
EN registroreplica10 NULL /home/alekz/Descargas/ReplicasEjercicios01/RegistroReplica10.vhd sub00/vhpl17 1657381168
EN registroreplica07 NULL /home/alekz/Descargas/ReplicasEjercicios01/RegistroReplica07.vhd sub00/vhpl12 1657380642
EN registroreplica08 NULL /home/alekz/Descargas/ReplicasEjercicios01/RegistroReplica08.vhd sub00/vhpl14 1657380758
EN registroreplica09 NULL /home/alekz/Descargas/ReplicasEjercicios01/RegistroReplica09.vhd sub00/vhpl15 1657380941
AR contadorreplica15 behavioral /home/alekz/Descargas/ReplicasEjercicios01/ContadorReplica15.vhd sub00/vhpl28 1657382216
AR registroreplica09 behavioral /home/alekz/Descargas/ReplicasEjercicios01/RegistroReplica09.vhd sub00/vhpl16 1657380942
AR contadorreplica13 behavioral /home/alekz/Descargas/ReplicasEjercicios01/ContadorReplica13.vhd sub00/vhpl24 1657381868
EN diagramareplica20 NULL /home/alekz/Descargas/ReplicasEjercicios01/DiagramaReplica20.vhd sub00/vhpl37 1657383674
AR registroreplica07 behavioral /home/alekz/Descargas/ReplicasEjercicios01/RegistroReplica07.vhd sub00/vhpl13 1657380643
EN diagramareplica19 NULL /home/alekz/Descargas/ReplicasEjercicios01/DiagramaReplica19.vhd sub00/vhpl35 1657383442
AR ffdreplica03 behavioral /home/alekz/Descargas/ReplicasEjercicios01/FFDReplica03.vhd sub00/vhpl05 1657378470
AR contadorreplica11 behavioral /home/alekz/Descargas/ReplicasEjercicios01/ContadorReplica11.vhd sub00/vhpl20 1657381458
AR registroreplica10 behavioral /home/alekz/Descargas/ReplicasEjercicios01/RegistroReplica10.vhd sub00/vhpl18 1657381169
AR contadorgreplica18 behavioral /home/alekz/Descargas/ReplicasEjercicios01/ContadorGReplica18.vhd sub00/vhpl34 1657382998
AR flipflopreplica05 behavioral /home/alekz/Descargas/ReplicasEjercicios01/FlipFlopReplica05.vhd sub00/vhpl09 1657379208
EN ffsrreplica06 NULL /home/alekz/Descargas/ReplicasEjercicios01/FFSRReplica06.vhd sub00/vhpl10 1657379497
AR ffsrreplica06 behavioral /home/alekz/Descargas/ReplicasEjercicios01/FFSRReplica06.vhd sub00/vhpl11 1657379498
EN latchreplica01 NULL /home/alekz/Descargas/ReplicasEjercicios01/LatchReplica01.vhd sub00/vhpl00 1657378066
AR contadorreplica16 behavioral /home/alekz/Descargas/ReplicasEjercicios01/ContadorReplica16.vhd sub00/vhpl30 1657382425
EN latchreplica02 NULL /home/alekz/Descargas/ReplicasEjercicios01/LatchReplica02.vhd sub00/vhpl02 1657378240
AR diagramareplica19 behavioral /home/alekz/Descargas/ReplicasEjercicios01/DiagramaReplica19.vhd sub00/vhpl36 1657383443
AR contadorreplica14 behavioral /home/alekz/Descargas/ReplicasEjercicios01/ContadorReplica14.vhd sub00/vhpl26 1657382081
