V3 60
FL /home/alekz/Descargas/ReplicasEjercicios01/ContadorGReplica18.vhd 2022/07/09.11:09:53 P.20131013
EN work/ContadorGReplica18 1657382997 \
      FL /home/alekz/Descargas/ReplicasEjercicios01/ContadorGReplica18.vhd \
      PB ieee/std_logic_1164 1381692176 PB ieee/STD_LOGIC_UNSIGNED 1381692179
AR work/ContadorGReplica18/Behavioral 1657382998 \
      FL /home/alekz/Descargas/ReplicasEjercicios01/ContadorGReplica18.vhd \
      EN work/ContadorGReplica18 1657382997
FL /home/alekz/Descargas/ReplicasEjercicios01/ContadorReplica11.vhd 2022/07/09.10:44:13 P.20131013
EN work/ContadorReplica11 1657381457 \
      FL /home/alekz/Descargas/ReplicasEjercicios01/ContadorReplica11.vhd \
      PB ieee/std_logic_1164 1381692176 PB ieee/STD_LOGIC_UNSIGNED 1381692179
AR work/ContadorReplica11/Behavioral 1657381458 \
      FL /home/alekz/Descargas/ReplicasEjercicios01/ContadorReplica11.vhd \
      EN work/ContadorReplica11 1657381457
FL /home/alekz/Descargas/ReplicasEjercicios01/ContadorReplica12.vhd 2022/07/09.10:48:48 P.20131013
EN work/ContadorReplica12 1657381731 \
      FL /home/alekz/Descargas/ReplicasEjercicios01/ContadorReplica12.vhd \
      PB ieee/std_logic_1164 1381692176 PB ieee/STD_LOGIC_UNSIGNED 1381692179
AR work/ContadorReplica12/Behavioral 1657381732 \
      FL /home/alekz/Descargas/ReplicasEjercicios01/ContadorReplica12.vhd \
      EN work/ContadorReplica12 1657381731
FL /home/alekz/Descargas/ReplicasEjercicios01/ContadorReplica13.vhd 2022/07/09.10:51:03 P.20131013
EN work/ContadorReplica13 1657381867 \
      FL /home/alekz/Descargas/ReplicasEjercicios01/ContadorReplica13.vhd \
      PB ieee/std_logic_1164 1381692176 PB ieee/STD_LOGIC_UNSIGNED 1381692179
AR work/ContadorReplica13/Behavioral 1657381868 \
      FL /home/alekz/Descargas/ReplicasEjercicios01/ContadorReplica13.vhd \
      EN work/ContadorReplica13 1657381867
FL /home/alekz/Descargas/ReplicasEjercicios01/ContadorReplica14.vhd 2022/07/09.10:54:36 P.20131013
EN work/ContadorReplica14 1657382080 \
      FL /home/alekz/Descargas/ReplicasEjercicios01/ContadorReplica14.vhd \
      PB ieee/std_logic_1164 1381692176 PB ieee/STD_LOGIC_UNSIGNED 1381692179
AR work/ContadorReplica14/Behavioral 1657382081 \
      FL /home/alekz/Descargas/ReplicasEjercicios01/ContadorReplica14.vhd \
      EN work/ContadorReplica14 1657382080
FL /home/alekz/Descargas/ReplicasEjercicios01/ContadorReplica15.vhd 2022/07/09.10:56:51 P.20131013
EN work/ContadorReplica15 1657382215 \
      FL /home/alekz/Descargas/ReplicasEjercicios01/ContadorReplica15.vhd \
      PB ieee/std_logic_1164 1381692176 PB ieee/STD_LOGIC_UNSIGNED 1381692179
AR work/ContadorReplica15/Behavioral 1657382216 \
      FL /home/alekz/Descargas/ReplicasEjercicios01/ContadorReplica15.vhd \
      EN work/ContadorReplica15 1657382215
FL /home/alekz/Descargas/ReplicasEjercicios01/ContadorReplica16.vhd 2022/07/09.11:00:14 P.20131013
EN work/ContadorReplica16 1657382424 \
      FL /home/alekz/Descargas/ReplicasEjercicios01/ContadorReplica16.vhd \
      PB ieee/std_logic_1164 1381692176 PB ieee/STD_LOGIC_UNSIGNED 1381692179
AR work/ContadorReplica16/Behavioral 1657382425 \
      FL /home/alekz/Descargas/ReplicasEjercicios01/ContadorReplica16.vhd \
      EN work/ContadorReplica16 1657382424
FL /home/alekz/Descargas/ReplicasEjercicios01/ContadorReplica17.vhd 2022/07/09.11:03:55 P.20131013
EN work/ContadorReplica17 1657382639 \
      FL /home/alekz/Descargas/ReplicasEjercicios01/ContadorReplica17.vhd \
      PB ieee/std_logic_1164 1381692176 PB ieee/STD_LOGIC_UNSIGNED 1381692179
AR work/ContadorReplica17/Behavioral 1657382640 \
      FL /home/alekz/Descargas/ReplicasEjercicios01/ContadorReplica17.vhd \
      EN work/ContadorReplica17 1657382639
FL /home/alekz/Descargas/ReplicasEjercicios01/DiagramaReplica19.vhd 2022/07/09.11:17:19 P.20131013
EN work/DiagramaReplica19 1657383442 \
      FL /home/alekz/Descargas/ReplicasEjercicios01/DiagramaReplica19.vhd \
      PB ieee/std_logic_1164 1381692176
AR work/DiagramaReplica19/Behavioral 1657383443 \
      FL /home/alekz/Descargas/ReplicasEjercicios01/DiagramaReplica19.vhd \
      EN work/DiagramaReplica19 1657383442
FL /home/alekz/Descargas/ReplicasEjercicios01/DiagramaReplica20.vhd 2022/07/09.11:21:10 P.20131013
EN work/DiagramaReplica20 1657383674 \
      FL /home/alekz/Descargas/ReplicasEjercicios01/DiagramaReplica20.vhd \
      PB ieee/std_logic_1164 1381692176
AR work/DiagramaReplica20/Behavioral 1657383675 \
      FL /home/alekz/Descargas/ReplicasEjercicios01/DiagramaReplica20.vhd \
      EN work/DiagramaReplica20 1657383674
FL /home/alekz/Descargas/ReplicasEjercicios01/FFDReplica03.vhd 2022/07/09.09:54:25 P.20131013
EN work/FFDReplica03 1657378469 \
      FL /home/alekz/Descargas/ReplicasEjercicios01/FFDReplica03.vhd \
      PB ieee/std_logic_1164 1381692176
AR work/FFDReplica03/Behavioral 1657378470 \
      FL /home/alekz/Descargas/ReplicasEjercicios01/FFDReplica03.vhd \
      EN work/FFDReplica03 1657378469
FL /home/alekz/Descargas/ReplicasEjercicios01/FFSRReplica06.vhd 2022/07/09.10:11:33 P.20131013
EN work/FFSRReplica06 1657379497 \
      FL /home/alekz/Descargas/ReplicasEjercicios01/FFSRReplica06.vhd \
      PB ieee/std_logic_1164 1381692176
AR work/FFSRReplica06/Behavioral 1657379498 \
      FL /home/alekz/Descargas/ReplicasEjercicios01/FFSRReplica06.vhd \
      EN work/FFSRReplica06 1657379497
FL /home/alekz/Descargas/ReplicasEjercicios01/FlipFlopReplica04.vhd 2022/07/09.09:57:11 P.20131013
EN work/FlipFlopReplica04 1657378641 \
      FL /home/alekz/Descargas/ReplicasEjercicios01/FlipFlopReplica04.vhd \
      PB ieee/std_logic_1164 1381692176
AR work/FlipFlopReplica04/Behavioral 1657378642 \
      FL /home/alekz/Descargas/ReplicasEjercicios01/FlipFlopReplica04.vhd \
      EN work/FlipFlopReplica04 1657378641
FL /home/alekz/Descargas/ReplicasEjercicios01/FlipFlopReplica05.vhd 2022/07/09.10:06:44 P.20131013
EN work/FlipFlopReplica05 1657379207 \
      FL /home/alekz/Descargas/ReplicasEjercicios01/FlipFlopReplica05.vhd \
      PB ieee/std_logic_1164 1381692176
AR work/FlipFlopReplica05/Behavioral 1657379208 \
      FL /home/alekz/Descargas/ReplicasEjercicios01/FlipFlopReplica05.vhd \
      EN work/FlipFlopReplica05 1657379207
FL /home/alekz/Descargas/ReplicasEjercicios01/LatchReplica01.vhd 2022/07/09.09:47:41 P.20131013
EN work/LatchReplica01 1657378066 \
      FL /home/alekz/Descargas/ReplicasEjercicios01/LatchReplica01.vhd \
      PB ieee/std_logic_1164 1381692176
AR work/LatchReplica01/Ejemplo 1657378067 \
      FL /home/alekz/Descargas/ReplicasEjercicios01/LatchReplica01.vhd \
      EN work/LatchReplica01 1657378066
FL /home/alekz/Descargas/ReplicasEjercicios01/LatchReplica02.vhd 2022/07/09.09:50:33 P.20131013
EN work/LatchReplica02 1657378240 \
      FL /home/alekz/Descargas/ReplicasEjercicios01/LatchReplica02.vhd \
      PB ieee/std_logic_1164 1381692176
AR work/LatchReplica02/Ejemplo 1657378241 \
      FL /home/alekz/Descargas/ReplicasEjercicios01/LatchReplica02.vhd \
      EN work/LatchReplica02 1657378240
FL /home/alekz/Descargas/ReplicasEjercicios01/RegistroReplica07.vhd 2022/07/09.10:30:38 P.20131013
EN work/RegistroReplica07 1657380642 \
      FL /home/alekz/Descargas/ReplicasEjercicios01/RegistroReplica07.vhd \
      PB ieee/std_logic_1164 1381692176
AR work/RegistroReplica07/Behavioral 1657380643 \
      FL /home/alekz/Descargas/ReplicasEjercicios01/RegistroReplica07.vhd \
      EN work/RegistroReplica07 1657380642
FL /home/alekz/Descargas/ReplicasEjercicios01/RegistroReplica08.vhd 2022/07/09.10:32:33 P.20131013
EN work/RegistroReplica08 0 \
      FL /home/alekz/Descargas/ReplicasEjercicios01/RegistroReplica08.vhd \
      PB ieee/std_logic_1164 1381692176
AR work/RegistroReplica08/Behavioral 0 \
      FL /home/alekz/Descargas/ReplicasEjercicios01/RegistroReplica08.vhd \
      EN work/RegistroReplica08 0
FL /home/alekz/Descargas/ReplicasEjercicios01/RegistroReplica09.vhd 2022/07/09.10:35:37 P.20131013
EN work/RegistroReplica09 1657380941 \
      FL /home/alekz/Descargas/ReplicasEjercicios01/RegistroReplica09.vhd \
      PB ieee/std_logic_1164 1381692176
AR work/RegistroReplica09/Behavioral 1657380942 \
      FL /home/alekz/Descargas/ReplicasEjercicios01/RegistroReplica09.vhd \
      EN work/RegistroReplica09 1657380941
FL /home/alekz/Descargas/ReplicasEjercicios01/RegistroReplica10.vhd 2022/07/09.10:39:14 P.20131013
EN work/RegistroReplica10 1657381168 \
      FL /home/alekz/Descargas/ReplicasEjercicios01/RegistroReplica10.vhd \
      PB ieee/std_logic_1164 1381692176
AR work/RegistroReplica10/Behavioral 1657381169 \
      FL /home/alekz/Descargas/ReplicasEjercicios01/RegistroReplica10.vhd \
      EN work/RegistroReplica10 1657381168
